This file contains any messages produced by compilers while
running configure, to aid debugging if configure makes a mistake.

It was created by muParser configure 1.34, which was
generated by GNU Autoconf 2.64.  Invocation command line was

  $ ./configure 

## --------- ##
## Platform. ##
## --------- ##

hostname = u-cyclone
uname -m = x86_64
uname -r = 2.6.32-358.6.1.el6.x86_64
uname -s = Linux
uname -v = #1 SMP Tue Apr 23 19:29:00 UTC 2013

/usr/bin/uname -p = unknown
/bin/uname -X     = unknown

/bin/arch              = x86_64
/usr/bin/arch -k       = unknown
/usr/convex/getsysinfo = unknown
/usr/bin/hostinfo      = unknown
/bin/machine           = unknown
/usr/bin/oslevel       = unknown
/bin/universe          = unknown

PATH: /usr/cea/ssh/bin
PATH: /usr/cea/krb/bin
PATH: /usr/local/java/bin
PATH: /bin
PATH: /usr/bin
PATH: /sbin
PATH: /usr/sbin
PATH: /usr/local/sr/bin
PATH: /usr/local/acroread/bin
PATH: /usr/local/libre/bin


## ----------- ##
## Core tests. ##
## ----------- ##

configure:1951: checking build system type
configure:1965: result: x86_64-unknown-linux-gnu
configure:1985: checking host system type
configure:1998: result: x86_64-unknown-linux-gnu
configure:2018: checking target system type
configure:2031: result: x86_64-unknown-linux-gnu
configure:2067: checking for gawk
configure:2083: found /bin/gawk
configure:2094: result: gawk
configure:2119: checking for a BSD-compatible install
configure:2187: result: /usr/bin/install -c
configure:2198: checking whether ln -s works
configure:2202: result: yes
configure:2252: checking for ranlib
configure:2268: found /usr/bin/ranlib
configure:2279: result: ranlib
configure:2349: checking for gcc
configure:2365: found /usr/bin/gcc
configure:2376: result: gcc
configure:2605: checking for C compiler version
configure:2614: gcc --version >&5
gcc (GCC) 4.4.7 20120313 (Red Hat 4.4.7-3)
Copyright (C) 2010 Free Software Foundation, Inc.
This is free software; see the source for copying conditions.  There is NO
warranty; not even for MERCHANTABILITY or FITNESS FOR A PARTICULAR PURPOSE.

configure:2625: $? = 0
configure:2614: gcc -v >&5
Using built-in specs.
Target: x86_64-redhat-linux
Configured with: ../configure --prefix=/usr --mandir=/usr/share/man --infodir=/usr/share/info --with-bugurl=http://bugzilla.redhat.com/bugzilla --enable-bootstrap --enable-shared --enable-threads=posix --enable-checking=release --with-system-zlib --enable-__cxa_atexit --disable-libunwind-exceptions --enable-gnu-unique-object --enable-languages=c,c++,objc,obj-c++,java,fortran,ada --enable-java-awt=gtk --disable-dssi --with-java-home=/usr/lib/jvm/java-1.5.0-gcj-1.5.0.0/jre --enable-libgcj-multifile --enable-java-maintainer-mode --with-ecj-jar=/usr/share/java/eclipse-ecj.jar --disable-libjava-multilib --with-ppl --with-cloog --with-tune=generic --with-arch_32=i686 --build=x86_64-redhat-linux
Thread model: posix
gcc version 4.4.7 20120313 (Red Hat 4.4.7-3) (GCC) 
configure:2625: $? = 0
configure:2614: gcc -V >&5
gcc: '-V' option must have argument
configure:2625: $? = 1
configure:2614: gcc -qversion >&5
gcc: unrecognized option '-qversion'
gcc: no input files
configure:2625: $? = 1
configure:2647: checking for C compiler default output file name
configure:2669: gcc    conftest.c  >&5
configure:2673: $? = 0
configure:2710: result: a.out
configure:2726: checking whether the C compiler works
configure:2735: ./a.out
configure:2739: $? = 0
configure:2754: result: yes
configure:2761: checking whether we are cross compiling
configure:2763: result: no
configure:2766: checking for suffix of executables
configure:2773: gcc -o conftest    conftest.c  >&5
configure:2777: $? = 0
configure:2799: result: 
configure:2805: checking for suffix of object files
configure:2827: gcc -c   conftest.c >&5
configure:2831: $? = 0
configure:2852: result: o
configure:2856: checking whether we are using the GNU C compiler
configure:2875: gcc -c   conftest.c >&5
configure:2875: $? = 0
configure:2884: result: yes
configure:2893: checking whether gcc accepts -g
configure:2913: gcc -c -g  conftest.c >&5
configure:2913: $? = 0
configure:2954: result: yes
configure:2971: checking for gcc option to accept ISO C89
configure:3035: gcc  -c   conftest.c >&5
configure:3035: $? = 0
configure:3048: result: none needed
configure:3126: checking for g++
configure:3142: found /usr/bin/g++
configure:3153: result: g++
configure:3180: checking for C++ compiler version
configure:3189: g++ --version >&5
g++ (GCC) 4.4.7 20120313 (Red Hat 4.4.7-3)
Copyright (C) 2010 Free Software Foundation, Inc.
This is free software; see the source for copying conditions.  There is NO
warranty; not even for MERCHANTABILITY or FITNESS FOR A PARTICULAR PURPOSE.

configure:3200: $? = 0
configure:3189: g++ -v >&5
Using built-in specs.
Target: x86_64-redhat-linux
Configured with: ../configure --prefix=/usr --mandir=/usr/share/man --infodir=/usr/share/info --with-bugurl=http://bugzilla.redhat.com/bugzilla --enable-bootstrap --enable-shared --enable-threads=posix --enable-checking=release --with-system-zlib --enable-__cxa_atexit --disable-libunwind-exceptions --enable-gnu-unique-object --enable-languages=c,c++,objc,obj-c++,java,fortran,ada --enable-java-awt=gtk --disable-dssi --with-java-home=/usr/lib/jvm/java-1.5.0-gcj-1.5.0.0/jre --enable-libgcj-multifile --enable-java-maintainer-mode --with-ecj-jar=/usr/share/java/eclipse-ecj.jar --disable-libjava-multilib --with-ppl --with-cloog --with-tune=generic --with-arch_32=i686 --build=x86_64-redhat-linux
Thread model: posix
gcc version 4.4.7 20120313 (Red Hat 4.4.7-3) (GCC) 
configure:3200: $? = 0
configure:3189: g++ -V >&5
g++: '-V' option must have argument
configure:3200: $? = 1
configure:3189: g++ -qversion >&5
g++: unrecognized option '-qversion'
g++: no input files
configure:3200: $? = 1
configure:3204: checking whether we are using the GNU C++ compiler
configure:3223: g++ -c   conftest.cpp >&5
configure:3223: $? = 0
configure:3232: result: yes
configure:3241: checking whether g++ accepts -g
configure:3261: g++ -c -g  conftest.cpp >&5
configure:3261: $? = 0
configure:3302: result: yes
configure:3330: checking how to run the C++ preprocessor
configure:3357: g++ -E  conftest.cpp
configure:3357: $? = 0
configure:3371: g++ -E  conftest.cpp
conftest.cpp:9:28: error: ac_nonexistent.h: No such file or directory
configure:3371: $? = 1
configure: failed program was:
| /* confdefs.h */
| #define PACKAGE_NAME "muParser"
| #define PACKAGE_TARNAME "muparser"
| #define PACKAGE_VERSION "1.34"
| #define PACKAGE_STRING "muParser 1.34"
| #define PACKAGE_BUGREPORT "frm@users.sourceforge.net"
| #define PACKAGE_URL ""
| /* end confdefs.h.  */
| #include <ac_nonexistent.h>
configure:3396: result: g++ -E
configure:3416: g++ -E  conftest.cpp
configure:3416: $? = 0
configure:3430: g++ -E  conftest.cpp
conftest.cpp:9:28: error: ac_nonexistent.h: No such file or directory
configure:3430: $? = 1
configure: failed program was:
| /* confdefs.h */
| #define PACKAGE_NAME "muParser"
| #define PACKAGE_TARNAME "muparser"
| #define PACKAGE_VERSION "1.34"
| #define PACKAGE_STRING "muParser 1.34"
| #define PACKAGE_BUGREPORT "frm@users.sourceforge.net"
| #define PACKAGE_URL ""
| /* end confdefs.h.  */
| #include <ac_nonexistent.h>
configure:3475: checking for the --enable-debug option
configure:3482: result: no
configure:3512: checking for the --enable-shared option
configure:3515: result: yes
configure:3534: checking for the --enable-samples option
configure:3537: result: yes
configure:3601: checking for gcc
configure:3628: result: gcc
configure:3857: checking for C compiler version
configure:3866: gcc --version >&5
gcc (GCC) 4.4.7 20120313 (Red Hat 4.4.7-3)
Copyright (C) 2010 Free Software Foundation, Inc.
This is free software; see the source for copying conditions.  There is NO
warranty; not even for MERCHANTABILITY or FITNESS FOR A PARTICULAR PURPOSE.

configure:3877: $? = 0
configure:3866: gcc -v >&5
Using built-in specs.
Target: x86_64-redhat-linux
Configured with: ../configure --prefix=/usr --mandir=/usr/share/man --infodir=/usr/share/info --with-bugurl=http://bugzilla.redhat.com/bugzilla --enable-bootstrap --enable-shared --enable-threads=posix --enable-checking=release --with-system-zlib --enable-__cxa_atexit --disable-libunwind-exceptions --enable-gnu-unique-object --enable-languages=c,c++,objc,obj-c++,java,fortran,ada --enable-java-awt=gtk --disable-dssi --with-java-home=/usr/lib/jvm/java-1.5.0-gcj-1.5.0.0/jre --enable-libgcj-multifile --enable-java-maintainer-mode --with-ecj-jar=/usr/share/java/eclipse-ecj.jar --disable-libjava-multilib --with-ppl --with-cloog --with-tune=generic --with-arch_32=i686 --build=x86_64-redhat-linux
Thread model: posix
gcc version 4.4.7 20120313 (Red Hat 4.4.7-3) (GCC) 
configure:3877: $? = 0
configure:3866: gcc -V >&5
gcc: '-V' option must have argument
configure:3877: $? = 1
configure:3866: gcc -qversion >&5
gcc: unrecognized option '-qversion'
gcc: no input files
configure:3877: $? = 1
configure:3881: checking whether we are using the GNU C compiler
configure:3909: result: yes
configure:3918: checking whether gcc accepts -g
configure:3979: result: yes
configure:3996: checking for gcc option to accept ISO C89
configure:4073: result: none needed
configure:4102: checking whether we are using the Intel C compiler
configure:4122: gcc -c  -O2  conftest.c >&5
conftest.c: In function 'main':
conftest.c:15: error: 'choke' undeclared (first use in this function)
conftest.c:15: error: (Each undeclared identifier is reported only once
conftest.c:15: error: for each function it appears in.)
conftest.c:15: error: expected ';' before 'me'
configure:4122: $? = 1
configure: failed program was:
| /* confdefs.h */
| #define PACKAGE_NAME "muParser"
| #define PACKAGE_TARNAME "muparser"
| #define PACKAGE_VERSION "1.34"
| #define PACKAGE_STRING "muParser 1.34"
| #define PACKAGE_BUGREPORT "frm@users.sourceforge.net"
| #define PACKAGE_URL ""
| /* end confdefs.h.  */
| 
| int
| main ()
| {
| 
|              #ifndef __INTEL_COMPILER
|                 choke me
|              #endif
| 
|   ;
|   return 0;
| }
configure:4132: result: no
configure:4964: checking for C++ compiler version
configure:4973: g++ --version >&5
g++ (GCC) 4.4.7 20120313 (Red Hat 4.4.7-3)
Copyright (C) 2010 Free Software Foundation, Inc.
This is free software; see the source for copying conditions.  There is NO
warranty; not even for MERCHANTABILITY or FITNESS FOR A PARTICULAR PURPOSE.

configure:4984: $? = 0
configure:4973: g++ -v >&5
Using built-in specs.
Target: x86_64-redhat-linux
Configured with: ../configure --prefix=/usr --mandir=/usr/share/man --infodir=/usr/share/info --with-bugurl=http://bugzilla.redhat.com/bugzilla --enable-bootstrap --enable-shared --enable-threads=posix --enable-checking=release --with-system-zlib --enable-__cxa_atexit --disable-libunwind-exceptions --enable-gnu-unique-object --enable-languages=c,c++,objc,obj-c++,java,fortran,ada --enable-java-awt=gtk --disable-dssi --with-java-home=/usr/lib/jvm/java-1.5.0-gcj-1.5.0.0/jre --enable-libgcj-multifile --enable-java-maintainer-mode --with-ecj-jar=/usr/share/java/eclipse-ecj.jar --disable-libjava-multilib --with-ppl --with-cloog --with-tune=generic --with-arch_32=i686 --build=x86_64-redhat-linux
Thread model: posix
gcc version 4.4.7 20120313 (Red Hat 4.4.7-3) (GCC) 
configure:4984: $? = 0
configure:4973: g++ -V >&5
g++: '-V' option must have argument
configure:4984: $? = 1
configure:4973: g++ -qversion >&5
g++: unrecognized option '-qversion'
g++: no input files
configure:4984: $? = 1
configure:4988: checking whether we are using the GNU C++ compiler
configure:5016: result: yes
configure:5025: checking whether g++ accepts -g
configure:5086: result: yes
configure:5118: checking whether we are using the Intel C++ compiler
configure:5138: g++ -c  -O2  conftest.cpp >&5
conftest.cpp: In function 'int main()':
conftest.cpp:15: error: 'choke' was not declared in this scope
conftest.cpp:15: error: expected ';' before 'me'
configure:5138: $? = 1
configure: failed program was:
| /* confdefs.h */
| #define PACKAGE_NAME "muParser"
| #define PACKAGE_TARNAME "muparser"
| #define PACKAGE_VERSION "1.34"
| #define PACKAGE_STRING "muParser 1.34"
| #define PACKAGE_BUGREPORT "frm@users.sourceforge.net"
| #define PACKAGE_URL ""
| /* end confdefs.h.  */
| 
| int
| main ()
| {
| 
|              #ifndef __INTEL_COMPILER
|                 choke me
|              #endif
| 
|   ;
|   return 0;
| }
configure:5148: result: no
configure:5646: checking whether we are using the Sun C++ compiler
configure:5666: g++ -c  -O2  conftest.cpp >&5
conftest.cpp: In function 'int main()':
conftest.cpp:15: error: 'choke' was not declared in this scope
conftest.cpp:15: error: expected ';' before 'me'
configure:5666: $? = 1
configure: failed program was:
| /* confdefs.h */
| #define PACKAGE_NAME "muParser"
| #define PACKAGE_TARNAME "muparser"
| #define PACKAGE_VERSION "1.34"
| #define PACKAGE_STRING "muParser 1.34"
| #define PACKAGE_BUGREPORT "frm@users.sourceforge.net"
| #define PACKAGE_URL ""
| /* end confdefs.h.  */
| 
| int
| main ()
| {
| 
|              #ifndef __SUNPRO_CC
|                 choke me
|              #endif
| 
|   ;
|   return 0;
| }
configure:5676: result: no
configure:5924: checking for ranlib
configure:5951: result: ranlib
configure:5974: checking whether ln -s works
configure:5978: result: yes
configure:5986: checking whether make sets $(MAKE)
configure:6008: result: yes
configure:6071: checking for ar
configure:6087: found /usr/bin/ar
configure:6098: result: ar
configure:6167: checking for strip
configure:6183: found /usr/bin/strip
configure:6194: result: strip
configure:6259: checking for nm
configure:6275: found /usr/bin/nm
configure:6286: result: nm
configure:6309: checking for command to install directories
configure:6316: result: /usr/bin/install -c -d
configure:6334: checking if make is GNU make
configure:6348: result: yes
configure:7390: checking for dependency tracking method
configure:7411: result: gcc
configure:8025: creating ./config.status

## ---------------------- ##
## Running config.status. ##
## ---------------------- ##

This file was extended by muParser config.status 1.34, which was
generated by GNU Autoconf 2.64.  Invocation command line was

  CONFIG_FILES    = 
  CONFIG_HEADERS  = 
  CONFIG_LINKS    = 
  CONFIG_COMMANDS = 
  $ ./config.status 

on u-cyclone

config.status:809: creating Makefile
config.status:809: creating build/autoconf/muparser.pc

## ---------------- ##
## Cache variables. ##
## ---------------- ##

ac_cv_build=x86_64-unknown-linux-gnu
ac_cv_c_compiler_gnu=yes
ac_cv_cxx_compiler_gnu=yes
ac_cv_env_CCC_set=
ac_cv_env_CCC_value=
ac_cv_env_CC_set=
ac_cv_env_CC_value=
ac_cv_env_CFLAGS_set=
ac_cv_env_CFLAGS_value=
ac_cv_env_CPPFLAGS_set=
ac_cv_env_CPPFLAGS_value=
ac_cv_env_CXXCPP_set=
ac_cv_env_CXXCPP_value=
ac_cv_env_CXXFLAGS_set=
ac_cv_env_CXXFLAGS_value=
ac_cv_env_CXX_set=
ac_cv_env_CXX_value=
ac_cv_env_LDFLAGS_set=
ac_cv_env_LDFLAGS_value=
ac_cv_env_LIBS_set=
ac_cv_env_LIBS_value=
ac_cv_env_build_alias_set=
ac_cv_env_build_alias_value=
ac_cv_env_host_alias_set=
ac_cv_env_host_alias_value=
ac_cv_env_target_alias_set=
ac_cv_env_target_alias_value=
ac_cv_host=x86_64-unknown-linux-gnu
ac_cv_objext=o
ac_cv_path_install='/usr/bin/install -c'
ac_cv_prog_AWK=gawk
ac_cv_prog_CXXCPP='g++ -E'
ac_cv_prog_ac_ct_AR=ar
ac_cv_prog_ac_ct_CC=gcc
ac_cv_prog_ac_ct_CXX=g++
ac_cv_prog_ac_ct_NM=nm
ac_cv_prog_ac_ct_RANLIB=ranlib
ac_cv_prog_ac_ct_STRIP=strip
ac_cv_prog_cc_c89=
ac_cv_prog_cc_g=yes
ac_cv_prog_cxx_g=yes
ac_cv_prog_make_make_set=yes
ac_cv_target=x86_64-unknown-linux-gnu
bakefile_cv_c_compiler___INTEL_COMPILER=no
bakefile_cv_cxx_compiler___INTEL_COMPILER=no
bakefile_cv_cxx_compiler___SUNPRO_CC=no
bakefile_cv_prog_makeisgnu=yes

## ----------------- ##
## Output variables. ##
## ----------------- ##

AIX_CXX_LD=''
AR='ar'
AROPTIONS='rcu'
AWK='gawk'
BK_DEPS='/cea/home/m7/poncetr/sandbox/shy/external/muparser/bk-deps'
CC='gcc'
CFLAGS=' -O2'
COND_DEBUG_0=''
COND_DEBUG_1='#'
COND_DEPS_TRACKING_0='#'
COND_DEPS_TRACKING_1=''
COND_PLATFORM_MACOSX_0_USE_SOVERCYGWIN_0_USE_SOVERSION_1=''
COND_PLATFORM_MACOSX_0_USE_SOVERSION_1=''
COND_PLATFORM_MACOSX_1='#'
COND_PLATFORM_MACOSX_1_USE_SOVERSION_1='#'
COND_PLATFORM_MAC_0=''
COND_PLATFORM_MAC_1='#'
COND_PLATFORM_OS2_1='#'
COND_SAMPLES_1=''
COND_SHARED_0='#'
COND_SHARED_1=''
COND_USE_SOTWOSYMLINKS_1=''
COND_USE_SOVERCYGWIN_1_USE_SOVERSION_1='#'
COND_USE_SOVERLINUX_1=''
COND_USE_SOVERSION_0='#'
COND_USE_SOVERSION_1_USE_SOVERSOLARIS_1='#'
COND_USE_SOVERSOLARIS_1='#'
COND_WINDOWS_IMPLIB_1='#'
CPPFLAGS=''
CXX='g++'
CXXCPP='g++ -E'
CXXFLAGS=' -O2'
DEFS='-DPACKAGE_NAME=\"muParser\" -DPACKAGE_TARNAME=\"muparser\" -DPACKAGE_VERSION=\"1.34\" -DPACKAGE_STRING=\"muParser\ 1.34\" -DPACKAGE_BUGREPORT=\"frm@users.sourceforge.net\" -DPACKAGE_URL=\"\"'
DEPS_TRACKING='1'
DLLIMP_SUFFIX='so'
DLLPREFIX='lib'
DLLPREFIX_MODULE=''
ECHO_C=''
ECHO_N='-n'
ECHO_T=''
EXEEXT=''
IF_GNU_MAKE=''
INSTALL_DATA='${INSTALL} -m 644'
INSTALL_DIR='$(INSTALL) -d'
INSTALL_PROGRAM='${INSTALL}'
INSTALL_SCRIPT='${INSTALL}'
LDFLAGS=''
LDFLAGS_GUI=''
LIBEXT='.a'
LIBOBJS=''
LIBPREFIX='lib'
LIBS=''
LN_S='ln -s'
LTLIBOBJS=''
MAKE_SET=''
NM='nm'
OBJCXXFLAGS=''
OBJEXT='o'
PACKAGE_BUGREPORT='frm@users.sourceforge.net'
PACKAGE_NAME='muParser'
PACKAGE_STRING='muParser 1.34'
PACKAGE_TARNAME='muparser'
PACKAGE_URL=''
PACKAGE_VERSION='1.34'
PATH_SEPARATOR=':'
PIC_FLAG='-fPIC -DPIC'
PLATFORM_BEOS='0'
PLATFORM_MAC='0'
PLATFORM_MACOS='0'
PLATFORM_MACOSX='0'
PLATFORM_MSDOS='0'
PLATFORM_OS2='0'
PLATFORM_UNIX='1'
PLATFORM_WIN32='0'
RANLIB='ranlib'
REZ=''
SETFILE=''
SET_MAKE=''
SHARED_LD_CC='$(CC) -shared -fPIC -o'
SHARED_LD_CXX='$(CXX) -shared -fPIC -o'
SHARED_LD_MODULE_CC='$(CC) -shared -fPIC -o'
SHARED_LD_MODULE_CXX='$(CXX) -shared -fPIC -o'
SHELL='/bin/sh'
SONAME_FLAG='-Wl,-soname,'
SO_SUFFIX='so'
SO_SUFFIX_MODULE='so'
STRIP='strip'
USE_MACVERSION='0'
USE_SOTWOSYMLINKS='1'
USE_SOVERCYGWIN='0'
USE_SOVERLINUX='1'
USE_SOVERSION='1'
USE_SOVERSOLARIS='0'
WINDOWS_IMPLIB='0'
WINDRES=''
ac_ct_CC='gcc'
ac_ct_CXX='g++'
bindir='${exec_prefix}/bin'
build='x86_64-unknown-linux-gnu'
build_alias=''
build_cpu='x86_64'
build_os='linux-gnu'
build_vendor='unknown'
datadir='${datarootdir}'
datarootdir='${prefix}/share'
dlldir='${exec_prefix}/lib'
docdir='${datarootdir}/doc/${PACKAGE_TARNAME}'
dvidir='${docdir}'
exec_prefix='${prefix}'
host='x86_64-unknown-linux-gnu'
host_alias=''
host_cpu='x86_64'
host_os='linux-gnu'
host_vendor='unknown'
htmldir='${docdir}'
includedir='${prefix}/include'
infodir='${datarootdir}/info'
libdir='${exec_prefix}/lib'
libexecdir='${exec_prefix}/libexec'
localedir='${datarootdir}/locale'
localstatedir='${prefix}/var'
mandir='${datarootdir}/man'
oldincludedir='/usr/include'
pdfdir='${docdir}'
prefix='/usr/local'
program_transform_name='s,x,x,'
psdir='${docdir}'
sbindir='${exec_prefix}/sbin'
sharedstatedir='${prefix}/com'
sysconfdir='${prefix}/etc'
target='x86_64-unknown-linux-gnu'
target_alias=''
target_cpu='x86_64'
target_os='linux-gnu'
target_vendor='unknown'

## ----------- ##
## confdefs.h. ##
## ----------- ##

/* confdefs.h */
#define PACKAGE_NAME "muParser"
#define PACKAGE_TARNAME "muparser"
#define PACKAGE_VERSION "1.34"
#define PACKAGE_STRING "muParser 1.34"
#define PACKAGE_BUGREPORT "frm@users.sourceforge.net"
#define PACKAGE_URL ""

configure: exit 0
